{
  "response": {
    "Status": "OK",
    "FhirResource": {
      "resourceType": "Bundle",
      "type": "document",
      "meta": {
        "profile": [
          "http://hl7.org/fhir/us/ecr/StructureDefinition/eicr-document-bundle"
        ]
      },
      "id": "db734647-fc99-424c-a864-7e3cda82e703",
      "identifier": {
        "system": "urn:ietf:rfc:3986",
        "value": "urn:uuid:db734647-fc99-424c-a864-7e3cda82e703"
      },
      "timestamp": "2025-02-25T01:32:00Z",
      "entry": [
        {
          "fullUrl": "urn:uuid:2640643e-c537-28db-9a1f-0be7087353d0",
          "resource": {
            "resourceType": "Composition",
            "id": "2640643e-c537-28db-9a1f-0be7087353d0",
            "meta": {
              "profile": [
                "http://hl7.org/fhir/us/ecr/StructureDefinition/eicr-composition"
              ],
              "source": "ecr"
            },
            "identifier": {
              "use": "official",
              "type": {
                "coding": [
                  {
                    "code": "55751-2",
                    "system": "http://loinc.org",
                    "display": "Public health Case report"
                  }
                ]
              },
              "value": "71b065e4-6339-45cd-88fa-a6ab3fe4946d"
            },
            "extension": [
              {
                "url": "http://hl7.org/fhir/StructureDefinition/composition-clinicaldocument-versionNumber",
                "valueString": "1"
              },
              {
                "url": "https://www.hl7.org/implement/standards/product_brief.cfm?product_id=436",
                "valueString": "2016-12-01"
              }
            ],
            "status": "final",
            "type": {
              "coding": [
                {
                  "code": "55751-2",
                  "system": "http://loinc.org",
                  "display": "Public health Case report"
                }
              ]
            },
            "date": "2025-02-25T01:32:00Z",
            "title": "Initial Public Health Case Report",
            "confidentiality": "N",
            "section": [
              {
                "id": "a1b73852-9b07-a718-e25f-4064a76c9b68",
                "title": "Plan of Treatment",
                "text": {
                  "status": "generated",
                  "div": "<div xmlns=\"http://www.w3.org/1999/xhtml\"><table><thead><tr><th>Initial Case Report Trigger Code Lab Test Order</th><th>Trigger Code</th><th>Trigger Code codeSystem</th><th>RCTC OID</th><th>RCTC Version</th><th>Ordered Date</th></tr></thead><tbody><tr><td>Zika virus envelope (E) gene [Presence] in Serum by Probe and target amplification method</td><td>80825-3</td><td>LOINC</td><td>2.16.840.1.114222.4.11.7508</td><td>19/05/2016</td><td>FEB 25, 2025</td></tr></tbody></table></div>"
                },
                "code": {
                  "coding": [
                    {
                      "code": "18776-5",
                      "system": "http://loinc.org",
                      "display": "Plan of care note"
                    }
                  ]
                },
                "mode": "snapshot",
                "entry": [
                  {
                    "reference": "CarePlan/169e724e-b91b-7b0a-24fc-be231a11c345"
                  }
                ]
              },
              {
                "id": "8c9db562-27fd-957c-e00a-ddc6373fec2e",
                "title": "History of Present Illness",
                "text": {
                  "status": "generated",
                  "div": "<div xmlns=\"http://www.w3.org/1999/xhtml\">No information</div>"
                },
                "code": {
                  "coding": [
                    {
                      "code": "10164-2",
                      "system": "http://loinc.org",
                      "display": "History of Present illness Narrative"
                    }
                  ]
                },
                "mode": "snapshot"
              },
              {
                "id": "d91d2e13-83e0-b521-bc62-de9e942e7813",
                "title": "Medications Administered",
                "text": {
                  "status": "generated",
                  "div": "<div xmlns=\"http://www.w3.org/1999/xhtml\">No medications administered</div>"
                },
                "code": {
                  "coding": [
                    {
                      "code": "29549-3",
                      "system": "http://loinc.org",
                      "display": "Medication administered Narrative"
                    }
                  ]
                },
                "mode": "snapshot"
              },
              {
                "id": "3ffb51ab-3217-9743-2879-7f0011ed0b16",
                "title": "Problems",
                "text": {
                  "status": "generated",
                  "div": "<div xmlns=\"http://www.w3.org/1999/xhtml\"><table><thead><tr><th>Concern</th><th>Concern Status</th><th>Date(s)</th></tr></thead><tbody><tr><td>Problem</td><td>active</td><td>FEB 5, 2025</td></tr><tr><td><ul><li><table><thead><tr><th>Problem Type</th><th>Problem</th><th>Date(s)</th></tr></thead><tbody><tr><td>Sympton</td><td>Fever</td><td>FEB 5, 2025</td></tr></tbody></table></li></ul></td></tr></tbody></table></div>"
                },
                "code": {
                  "coding": [
                    {
                      "code": "11450-4",
                      "system": "http://loinc.org",
                      "display": "Problem list - Reported"
                    }
                  ]
                },
                "mode": "snapshot",
                "entry": [
                  {
                    "display": "Problem - Fever (finding)",
                    "reference": "Condition/00bd16b4-f05c-93f0-614f-2aed279fc599"
                  },
                  {
                    "display": "Problem - Fever (finding)",
                    "reference": "Condition/bc5888a5-5fbb-4652-ce07-79823f43e124"
                  }
                ]
              },
              {
                "id": "d3dab687-a97f-1c5e-4581-b77134de459c",
                "title": "Reason for Visit",
                "text": {
                  "status": "generated",
                  "div": "<div xmlns=\"http://www.w3.org/1999/xhtml\">No information</div>"
                },
                "code": {
                  "coding": [
                    {
                      "code": "29299-5",
                      "system": "http://loinc.org",
                      "display": "Reason for visit Narrative"
                    }
                  ]
                },
                "mode": "snapshot"
              },
              {
                "id": "cbeaae6c-91b9-5a37-6e4a-3414b6358fdd",
                "title": "Results",
                "text": {
                  "status": "generated",
                  "div": "<div xmlns=\"http://www.w3.org/1999/xhtml\"><table><thead><tr><th>Results Panel</th><th>Date(s)</th></tr></thead><tbody><tr><td>Zika virus envelope (E) gene [Presence] in Serum by Probe and target amplification method</td><td>FEB 25, 2025 to FEB 25, 2025</td></tr><tr><td><ul><li><table><thead><tr><th>Initial Case Report Trigger Code Result Observation </th><th>Trigger Code</th><th>Trigger Code codeSystem</th><th>RCTC OID</th><th>RCTC Version</th><th>Outcome</th><th>Interpretation</th><th>Date(s)</th><th>Interpretation</th></tr></thead><tbody><tr><td>Zika virus envelope (E) gene [Presence] in Serum by Probe and target amplification method</td><td>80825-3</td><td>LOINC</td><td>2.16.840.1.114222.4.11.7508</td><td>19/05/2016</td><td>Positive</td><td>High</td><td>FEB 25, 2025</td><td>Abnormal</td></tr></tbody></table></li></ul></td></tr></tbody></table></div>"
                },
                "code": {
                  "coding": [
                    {
                      "code": "30954-2",
                      "system": "http://loinc.org",
                      "display": "Relevant diagnostic tests/laboratory data note"
                    }
                  ]
                },
                "mode": "snapshot",
                "entry": [
                  {
                    "reference": "Observation/f59e77fb-9909-79fb-5996-a1b884f84820"
                  }
                ]
              },
              {
                "id": "8612c8d0-18d5-e4a1-cc8a-6bb6c02b77e1",
                "title": "Social History",
                "text": {
                  "status": "generated",
                  "div": "<div xmlns=\"http://www.w3.org/1999/xhtml\"><table><thead><tr><th>Birth Sex</th><th>Value</th><th>Date</th></tr></thead><tbody><tr><td>Sex Assigned At Birth</td><td>Male</td><td>1125</td></tr></tbody></table><table><thead><tr><th>Social History Observation Type</th><th>Value</th><th>Date(s)</th></tr></thead><tbody><tr><td>Employment detail</td><td>Jedi High Council Member, Jedi Temple, Temple District, Galactic City, Coruscant</td><td>1275</td></tr></tbody></table><table><thead><tr><th>Travel History: Date(s)</th><th>Notes</th><th>Location</th></tr></thead><tbody><tr><td>In the 3 weeks before FEB 5, 2025</td><td>Visited swamp regions</td><td><ul><li>Brazil</li></ul></td></tr></tbody></table></div>"
                },
                "code": {
                  "coding": [
                    {
                      "code": "29762-2",
                      "system": "http://loinc.org",
                      "display": "Social history note"
                    }
                  ]
                },
                "mode": "snapshot",
                "entry": [
                  {
                    "reference": "Observation/eea34341-7188-2158-d580-2e835d9a7316"
                  },
                  {
                    "reference": "Observation/098e70ab-3f80-2c42-2bae-665b4ebd70a2"
                  }
                ]
              },
              {
                "id": "cabd6571-752f-838d-51f9-93be387bc6f5",
                "title": "Vital Signs (Last Filed)",
                "text": {
                  "status": "generated",
                  "div": "<div xmlns=\"http://www.w3.org/1999/xhtml\"><table><thead><tr><th>Date</th><th>Blood Pressure</th><th>Pulse</th><th>Temperature</th><th>Respiratory Rate</th><th>Height</th><th>Weight</th><th>BMI</th><th>SpO2</th></tr></thead><tbody><tr><td>05/20/2014 7:36pm</td><!-- You can consolidate Systolic and Diastolic in human view if desired but should retain separate references--><td><p id=\"SystolicBP_2\">120</p>/<p id=\"DiastolicBP_2\">80</p>mm[Hg] </td><td id=\"Pulse_2\">80 /min</td><td id=\"Temp_2\">99.0 F</td><td id=\"RespRate_2\">18 /min</td><td id=\"Height_2\">3'7 (43 inches)</td><td id=\"Weight_2\">39.9 lbs</td><td id=\"BMI_2\">17.58 kg/m2</td><td id=\"SPO2_2\">98%</td></tr></tbody></table></div>"
                },
                "code": {
                  "coding": [
                    {
                      "code": "8716-3",
                      "system": "http://loinc.org",
                      "display": "Vital signs note"
                    }
                  ]
                },
                "mode": "snapshot"
              },
              {
                "code": {
                  "coding": [
                    {
                      "system": "http://loinc.org",
                      "code": "10154-3",
                      "display": "Chief complaint Narrative - Reported"
                    }
                  ]
                },
                "text": {
                  "status": "empty",
                  "div": "<div xmlns=\"http://www.w3.org/1999/xhtml\">No Information Available</div>"
                }
              },
              {
                "id": "255addff-ee26-eb1b-6926-517a7940bcac",
                "title": "Reportability Response Information Section",
                "text": {
                  "status": "generated",
                  "div": "<div xmlns=\"http://www.w3.org/1999/xhtml\">Reportability Response Information Section</div>"
                },
                "extension": [
                  {
                    "url": "http://hl7.org/fhir/us/ecr/StructureDefinition/eicr-initiation-type-extension",
                    "valueCodeableConcept": {
                      "text": "official",
                      "coding": [
                        {
                          "code": "88085-6",
                          "system": "http://loinc.org",
                          "display": "Reportability response report Document Public health"
                        }
                      ]
                    }
                  },
                  {
                    "url": "http://hl7.org/fhir/us/ecr/StructureDefinition/rr-eicr-processing-status-extension",
                    "extension": [
                      {
                        "url": "eICRProcessingStatus",
                        "valueReference": {
                          "reference": "Observation/4b4065d5-b4e8-12e1-baeb-f148467d0808",
                          "display": "eICR processed"
                        }
                      }
                    ]
                  }
                ],
                "code": {
                  "coding": [
                    {
                      "code": "88085-6",
                      "system": "http://loinc.org",
                      "display": "Reportability response report Document Public health"
                    }
                  ]
                },
                "entry": [
                  {
                    "display": "Relevant Reportable Condition Observation - Zika virus disease (disorder)",
                    "reference": "Observation/a054d401-7b23-4b15-bc28-c889c156ba6a"
                  }
                ]
              }
            ],
            "subject": {
              "reference": "Patient/5812ebbf-0c54-644a-3d79-739f956806de"
            },
            "encounter": {
              "reference": "Encounter/3fef2f23-d5a0-bafd-3761-83a4c317d3ed"
            },
            "custodian": {
              "reference": "Organization/8b06cd13-a912-27b6-1c73-aea78bf8df1f"
            },
            "author": [
              {
                "reference": "PractitionerRole/ab3dc4cd-e023-67b3-f4e5-02acb2453574"
              }
            ]
          }
        },
        {
          "fullUrl": "urn:uuid:3fef2f23-d5a0-bafd-3761-83a4c317d3ed",
          "resource": {
            "resourceType": "Encounter",
            "id": "3fef2f23-d5a0-bafd-3761-83a4c317d3ed",
            "status": "unknown",
            "class": {
              "code": "PHC2237",
              "system": "urn:oid:2.16.840.1.114222.4.5.274",
              "display": "External Encounter"
            },
            "identifier": [
              {
                "extension": [
                  {
                    "url": "http://hl7.org/fhir/StructureDefinition/data-absent-reason",
                    "valueCode": "not-applicable"
                  }
                ]
              }
            ],
            "subject": {
              "reference": "Patient/5812ebbf-0c54-644a-3d79-739f956806de"
            },
            "location": [
              {
                "id": "2.16.840.1.113883.4.6",
                "location": {
                  "reference": "Location/bea8eaff-b016-f74b-10ab-9d0440257223"
                }
              }
            ],
            "serviceProvider": {
              "reference": "Organization/42e178bb-0fd1-7329-a02e-c06b5c9782b8"
            },
            "participant": [
              {
                "type": [
                  {
                    "coding": [
                      {
                        "system": "http://terminology.hl7.org/CodeSystem/v3-ParticipationType",
                        "code": "ATND"
                      }
                    ]
                  }
                ],
                "individual": {
                  "reference": "PractitionerRole/9d19c144-4bd4-c0b3-d85d-856c9308e578"
                }
              }
            ],
            "meta": {
              "source": "ecr"
            }
          }
        },
        {
          "fullUrl": "urn:uuid:bea8eaff-b016-f74b-10ab-9d0440257223",
          "resource": {
            "resourceType": "Location",
            "meta": {
              "profile": [
                "http://hl7.org/fhir/us/ecr/StructureDefinition/us-ph-location"
              ],
              "source": "ecr"
            },
            "id": "bea8eaff-b016-f74b-10ab-9d0440257223",
            "identifier": [
              {
                "system": "http://hl7.org/fhir/sid/us-npi",
                "_value": {
                  "extension": [
                    {
                      "url": "http://hl7.org/fhir/StructureDefinition/data-absent-reason",
                      "valueCode": "not-applicable"
                    }
                  ]
                }
              }
            ],
            "_name": {
              "extension": [
                {
                  "url": "http://hl7.org/fhir/StructureDefinition/data-absent-reason",
                  "valueCode": "not-applicable"
                }
              ]
            },
            "address": {
              "_city": {
                "extension": [
                  {
                    "url": "http://hl7.org/fhir/StructureDefinition/data-absent-reason",
                    "valueCode": "not-applicable"
                  }
                ]
              },
              "_state": {
                "extension": [
                  {
                    "url": "http://hl7.org/fhir/StructureDefinition/data-absent-reason",
                    "valueCode": "not-applicable"
                  }
                ]
              }
            },
            "type": [
              {
                "coding": [
                  {
                    "code": "not-applicable",
                    "system": "http://terminology.hl7.org/CodeSystem/data-absent-reason"
                  }
                ]
              }
            ]
          }
        },
        {
          "fullUrl": "urn:uuid:42e178bb-0fd1-7329-a02e-c06b5c9782b8",
          "resource": {
            "resourceType": "Organization",
            "id": "42e178bb-0fd1-7329-a02e-c06b5c9782b8",
            "meta": {
              "source": "ecr"
            }
          }
        },
        {
          "fullUrl": "urn:uuid:9d19c144-4bd4-c0b3-d85d-856c9308e578",
          "resource": {
            "resourceType": "Practitioner",
            "id": "9d19c144-4bd4-c0b3-d85d-856c9308e578",
            "meta": {
              "profile": [
                "http://hl7.org/fhir/us/core/StructureDefinition/us-core-practitioner"
              ],
              "source": "ecr"
            },
            "extension": [
              {
                "url": "http://hl7.org/fhir/StructureDefinition/_datatype",
                "valueString": "Responsible Party"
              }
            ],
            "identifier": [
              {
                "system": "http://hl7.org/fhir/sid/us-npi",
                "_value": {
                  "extension": [
                    {
                      "url": "http://hl7.org/fhir/StructureDefinition/data-absent-reason",
                      "valueCode": "not-applicable"
                    }
                  ]
                }
              }
            ]
          }
        },
        {
          "resource": {
            "resourceType": "PractitionerRole",
            "id": "9d19c144-4bd4-c0b3-d85d-856c9308e578",
            "practitioner": {
              "reference": "Practitioner/9d19c144-4bd4-c0b3-d85d-856c9308e578"
            },
            "organization": {
              "reference": "Organization/ba7129ae-138e-3bb4-f774-273d526e4b75"
            },
            "meta": {
              "source": "ecr"
            }
          }
        },
        {
          "fullUrl": "urn:uuid:ba7129ae-138e-3bb4-f774-273d526e4b75",
          "resource": {
            "resourceType": "Organization",
            "id": "ba7129ae-138e-3bb4-f774-273d526e4b75",
            "meta": {
              "source": "ecr"
            }
          }
        },
        {
          "fullUrl": "urn:uuid:4b4065d5-b4e8-12e1-baeb-f148467d0808",
          "resource": {
            "resourceType": "Observation",
            "id": "4b4065d5-b4e8-12e1-baeb-f148467d0808",
            "meta": {
              "profile": [
                "http://hl7.org/fhir/us/ecr/StructureDefinition/rr-eicr-processing-status-observation"
              ],
              "source": "ecr"
            },
            "identifier": [
              {
                "system": "urn:ietf:rfc:3986",
                "value": "urn:uuid:39d966b9-8a3a-4024-93d8-138e97d5898a"
              }
            ],
            "status": "final",
            "code": {
              "coding": [
                {
                  "code": "RRVS19",
                  "system": "urn:oid:2.16.840.1.114222.4.5.274",
                  "display": "eICR processed"
                }
              ]
            }
          }
        },
        {
          "fullUrl": "urn:uuid:a054d401-7b23-4b15-bc28-c889c156ba6a",
          "resource": {
            "resourceType": "Observation",
            "id": "a054d401-7b23-4b15-bc28-c889c156ba6a",
            "meta": {
              "profile": [
                "http://hl7.org/fhir/us/ecr/StructureDefinition/rr-relevant-reportable-condition-observation"
              ],
              "source": "ecr"
            },
            "identifier": [
              {
                "system": "urn:ietf:rfc:3986",
                "value": "urn:uuid:a054d401-7b23-4b15-bc28-c889c156ba6a"
              }
            ],
            "status": "final",
            "code": {
              "coding": [
                {
                  "code": "64572001",
                  "display": "Condition",
                  "system": "http://snomed.info/sct"
                },
                {
                  "code": "75323-6",
                  "display": "Condition",
                  "system": "http://loinc.org"
                }
              ]
            },
            "valueCodeableConcept": {
              "coding": [
                {
                  "code": "3928002",
                  "system": "http://snomed.info/sct",
                  "display": "Zika virus disease"
                }
              ]
            },
            "subject": {
              "reference": "Patient/5812ebbf-0c54-644a-3d79-739f956806de"
            },
            "hasMember": [
              {
                "reference": "Observation/fac4147a-93bc-f5bc-8171-381b43c440ad"
              }
            ]
          }
        },
        {
          "fullUrl": "urn:uuid:fac4147a-93bc-f5bc-8171-381b43c440ad",
          "resource": {
            "resourceType": "Observation",
            "id": "fac4147a-93bc-f5bc-8171-381b43c440ad",
            "meta": {
              "profile": [
                "http://hl7.org/fhir/us/ecr/StructureDefinition/rr-reportability-information-observation"
              ],
              "source": "ecr"
            },
            "identifier": [
              {
                "system": "urn:ietf:rfc:3986",
                "value": "urn:uuid:fcf92143-4289-450e-9550-8d574facf626"
              }
            ],
            "status": "final",
            "code": {
              "coding": [
                {
                  "code": "RRVS7",
                  "system": "urn:oid:2.16.840.1.114222.4.5.274",
                  "display": "Both patient home address and provider facility address"
                }
              ]
            },
            "extension": [
              {
                "url": "http://hl7.org/fhir/us/ecr/StructureDefinition/us-ph-determination-of-reportability-extension",
                "valueCodeableConcept": {
                  "coding": [
                    {
                      "code": "RRVS1",
                      "system": "urn:oid:2.16.840.1.114222.4.5.274",
                      "display": "Reportable"
                    }
                  ]
                }
              },
              {
                "url": "http://hl7.org/fhir/us/ecr/StructureDefinition/us-ph-determination-of-reportability-reason-extension",
                "valueString": "Reason for determination of reportability"
              },
              {
                "url": "http://hl7.org/fhir/us/ecr/StructureDefinition/us-ph-determination-of-reportability-rule-extension",
                "valueString": "Rule used in reportability determination"
              }
            ],
            "performer": [
              {
                "display": "Coruscant Department of Health",
                "reference": "Organization/20b9d5cb-e61f-4a95-f7b6-534885bbb807"
              },
              {
                "display": "Coruscant Department of Health",
                "reference": "Organization/f7b26e05-3aa8-92b8-cf0f-e43888054e3c"
              },
              {
                "display": "Coruscant Department of Health",
                "reference": "Organization/0565db77-f846-ecc9-6c79-9554505a6779"
              }
            ]
          }
        },
        {
          "fullUrl": "urn:uuid:20b9d5cb-e61f-4a95-f7b6-534885bbb807",
          "resource": {
            "resourceType": "Organization",
            "id": "20b9d5cb-e61f-4a95-f7b6-534885bbb807",
            "meta": {
              "profile": [
                "http://hl7.org/fhir/us/ecr/StructureDefinition/rr-responsible-agency-organization"
              ],
              "source": "ecr"
            },
            "active": true,
            "type": [
              {
                "coding": [
                  {
                    "system": "urn:oid:2.16.840.1.114222.4.5.232",
                    "code": "RR8",
                    "display": "Responsible Agency"
                  }
                ]
              }
            ],
            "name": "Coruscant Department of Health",
            "address": [
              {
                "city": "Macrodata District",
                "state": "Galactic City",
                "country": "Coruscant",
                "postalCode": "GC-50",
                "district": "Administrative Core"
              }
            ],
            "telecom": [
              {
                "system": "phone",
                "value": "+1-555-555-3555",
                "use": "work"
              }
            ]
          }
        },
        {
          "fullUrl": "urn:uuid:f7b26e05-3aa8-92b8-cf0f-e43888054e3c",
          "resource": {
            "resourceType": "Organization",
            "id": "f7b26e05-3aa8-92b8-cf0f-e43888054e3c",
            "meta": {
              "profile": [
                "http://hl7.org/fhir/us/ecr/StructureDefinition/rr-rules-authoring-agency-organization"
              ],
              "source": "ecr"
            },
            "active": true,
            "type": [
              {
                "coding": [
                  {
                    "system": "urn:oid:2.16.840.1.114222.4.5.232",
                    "code": "RR12",
                    "display": "Rules Authoring Agency"
                  }
                ]
              }
            ],
            "name": "Coruscant Department of Health",
            "address": [
              {
                "city": "Macrodata District",
                "state": "Galactic City",
                "country": "Coruscant",
                "postalCode": "GC-50",
                "district": "Administrative Core"
              }
            ],
            "telecom": [
              {
                "system": "phone",
                "value": "+1-555-555-3555",
                "use": "work"
              }
            ]
          }
        },
        {
          "fullUrl": "urn:uuid:0565db77-f846-ecc9-6c79-9554505a6779",
          "resource": {
            "resourceType": "Organization",
            "id": "0565db77-f846-ecc9-6c79-9554505a6779",
            "meta": {
              "profile": [
                "http://hl7.org/fhir/us/ecr/StructureDefinition/rr-routing-entity-organization"
              ],
              "source": "ecr"
            },
            "active": true,
            "type": [
              {
                "coding": [
                  {
                    "system": "urn:oid:2.16.840.1.114222.4.5.232",
                    "code": "RR7",
                    "display": "Routing Entity"
                  }
                ]
              }
            ],
            "name": "Coruscant Department of Health",
            "address": [
              {
                "city": "Macrodata District",
                "state": "Galactic City",
                "country": "Coruscant",
                "postalCode": "GC-50",
                "district": "Administrative Core"
              }
            ],
            "telecom": [
              {
                "system": "phone",
                "value": "+1-555-555-3555",
                "use": "work"
              }
            ]
          }
        },
        {
          "fullUrl": "urn:uuid:8b06cd13-a912-27b6-1c73-aea78bf8df1f",
          "resource": {
            "resourceType": "Organization",
            "id": "8b06cd13-a912-27b6-1c73-aea78bf8df1f",
            "identifier": [
              {
                "system": "http://hl7.org/fhir/sid/us-npi",
                "value": "1234567893"
              }
            ],
            "name": "Grand Republic Medical Facility Clinic",
            "address": [
              {
                "use": "work",
                "line": [
                  "500 Republica Medical Plaza, Suite 1000"
                ],
                "city": "Senate District",
                "state": "Galactic City",
                "country": "Coruscant",
                "postalCode": "GC-500",
                "district": "Administrative Core"
              }
            ],
            "telecom": [
              {
                "system": "phone",
                "value": "+1-888-000-9999",
                "use": "work"
              }
            ],
            "meta": {
              "source": "ecr"
            }
          }
        },
        {
          "fullUrl": "urn:uuid:94617b3c-14f9-eee5-a239-7233ba1b5d84",
          "resource": {
            "resourceType": "Practitioner",
            "id": "94617b3c-14f9-eee5-a239-7233ba1b5d84",
            "meta": {
              "profile": [
                "http://hl7.org/fhir/us/core/StructureDefinition/us-core-practitioner"
              ],
              "source": "ecr"
            },
            "identifier": [
              {
                "system": "http://hl7.org/fhir/sid/us-npi",
                "value": "1234567890"
              }
            ],
            "name": [
              {
                "family": "Hemlock",
                "given": [
                  "Royce"
                ],
                "prefix": [
                  "Dr"
                ],
                "suffix": [
                  "MD"
                ]
              }
            ],
            "address": [
              {
                "use": "home",
                "line": [
                  "200 Corusca Street"
                ],
                "city": "Senate District",
                "state": "Galactic City",
                "country": "Coruscant",
                "postalCode": "GC-500",
                "district": "Administrative Core"
              }
            ],
            "telecom": [
              {
                "system": "phone",
                "value": "+1-555-777-0123",
                "use": "work"
              },
              {
                "system": "fax",
                "value": "+1-555-777-0987",
                "use": "work"
              },
              {
                "system": "email",
                "value": "dr.hemlock@grmfc.gc.example.com",
                "use": "work"
              }
            ]
          }
        },
        {
          "resource": {
            "resourceType": "PractitionerRole",
            "id": "ab3dc4cd-e023-67b3-f4e5-02acb2453574",
            "organization": {
              "reference": "Organization/8b06cd13-a912-27b6-1c73-aea78bf8df1f"
            },
            "practitioner": {
              "reference": "Practitioner/94617b3c-14f9-eee5-a239-7233ba1b5d84"
            },
            "meta": {
              "source": "ecr"
            }
          }
        },
        {
          "fullUrl": "urn:uuid:5812ebbf-0c54-644a-3d79-739f956806de",
          "resource": {
            "resourceType": "Patient",
            "id": "5812ebbf-0c54-644a-3d79-739f956806de",
            "meta": {
              "profile": [
                "http://hl7.org/fhir/us/core/StructureDefinition/us-core-patient"
              ],
              "source": "ecr"
            },
            "identifier": [
              {
                "system": "urn:oid:2.16.840.1.113883.19.5",
                "value": "MRN-00884411"
              },
              {
                "system": "http://hl7.org/fhir/sid/us-ssn",
                "value": "000-65-8466"
              }
            ],
            "name": [
              {
                "use": "official",
                "family": "Yoda",
                "given": [
                  "Minch"
                ],
                "prefix": [
                  "Master"
                ]
              }
            ],
            "birthDate": "1125-01-01",
            "deceasedBoolean": false,
            "gender": "male",
            "extension": [
              {
                "url": "http://hl7.org/fhir/us/core/StructureDefinition/us-core-race",
                "extension": [
                  {
                    "url": "detailed",
                    "valueCoding": {
                      "code": "UNK",
                      "system": "urn:oid:2.16.840.1.113883.6.238",
                      "display": "Unknown"
                    }
                  },
                  {
                    "url": "text",
                    "valueString": "Unknown"
                  }
                ]
              },
              {
                "url": "http://hl7.org/fhir/us/core/StructureDefinition/us-core-ethnicity",
                "extension": [
                  {
                    "url": "ombCategory",
                    "valueCoding": {
                      "system": "urn:oid:2.16.840.1.113883.6.238",
                      "code": "2186-5",
                      "display": "Non Hispanic or Latino"
                    }
                  },
                  {
                    "url": "text",
                    "valueString": "Not Hispanic or Latino"
                  }
                ]
              },
              {
                "url": "http://hl7.org/fhir/us/core/StructureDefinition/us-core-birthsex",
                "valueCode": "M"
              }
            ],
            "address": [
              {
                "line": [
                  "Jedi Temple, Temple Spire"
                ],
                "city": "Temple District",
                "state": "Galactic City",
                "country": "Coruscant",
                "postalCode": "GC-101",
                "district": "Administrative Core"
              }
            ],
            "telecom": [
              {
                "system": "phone",
                "value": "+1-555-555-0001"
              },
              {
                "system": "email",
                "value": "master.yoda@jediorder.gc.example.com",
                "use": "work"
              }
            ],
            "communication": [
              {
                "language": {
                  "coding": [
                    {
                      "system": "urn:ietf:bcp:47",
                      "code": "en",
                      "display": "English"
                    }
                  ]
                },
                "preferred": true,
                "extension": [
                  {
                    "url": "http://hl7.org/fhir/StructureDefinition/patient-proficiency",
                    "extension": [
                      {
                        "url": "type",
                        "valueCoding": {
                          "system": "http://terminology.hl7.org/CodeSystem/v3-LanguageAbilityMode",
                          "code": "ESP",
                          "display": "Expressed spoken"
                        }
                      },
                      {
                        "url": "level",
                        "valueCoding": {
                          "system": "http://terminology.hl7.org/CodeSystem/v3-LanguageAbilityProficiency",
                          "code": "G",
                          "display": "Good"
                        }
                      }
                    ]
                  }
                ]
              }
            ]
          }
        },
        {
          "fullUrl": "urn:uuid:00bd16b4-f05c-93f0-614f-2aed279fc599",
          "resource": {
            "resourceType": "Condition",
            "id": "00bd16b4-f05c-93f0-614f-2aed279fc599",
            "identifier": [
              {
                "system": "urn:ietf:rfc:3986",
                "value": "urn:uuid:ab1791b0-5c71-11db-b0de-0800200c9a67"
              }
            ],
            "clinicalStatus": {
              "coding": [
                {
                  "system": "http://terminology.hl7.org/CodeSystem/condition-clinical",
                  "code": "active"
                }
              ]
            },
            "category": [
              {
                "coding": [
                  {
                    "code": "problem-item-list",
                    "display": "Problem List Item",
                    "system": "http://hl7.org/fhir/us/core/ValueSet/us-core-condition-category"
                  }
                ]
              }
            ],
            "code": {
              "coding": [
                {
                  "code": "386661006",
                  "system": "http://snomed.info/sct",
                  "display": "Fever"
                }
              ]
            },
            "onsetDateTime": "2025-02-05",
            "subject": {
              "reference": "Patient/5812ebbf-0c54-644a-3d79-739f956806de"
            },
            "meta": {
              "source": "ecr"
            }
          }
        },
        {
          "fullUrl": "urn:uuid:bc5888a5-5fbb-4652-ce07-79823f43e124",
          "resource": {
            "resourceType": "Condition",
            "id": "bc5888a5-5fbb-4652-ce07-79823f43e124",
            "identifier": [
              {
                "system": "urn:ietf:rfc:3986",
                "value": "urn:uuid:ab1791b0-5c71-11db-b0de-0800200c9a68"
              }
            ],
            "clinicalStatus": {
              "coding": [
                {
                  "system": "http://terminology.hl7.org/CodeSystem/condition-clinical",
                  "code": "active"
                }
              ]
            },
            "category": [
              {
                "coding": [
                  {
                    "code": "problem-item-list",
                    "display": "Problem List Item",
                    "system": "http://hl7.org/fhir/us/core/ValueSet/us-core-condition-category"
                  }
                ]
              }
            ],
            "code": {
              "coding": [
                {
                  "code": "386661006",
                  "system": "http://snomed.info/sct",
                  "display": "Fever"
                }
              ]
            },
            "onsetDateTime": "2025-02-05",
            "subject": {
              "reference": "Patient/5812ebbf-0c54-644a-3d79-739f956806de"
            },
            "meta": {
              "source": "ecr"
            }
          }
        },
        {
          "fullUrl": "urn:uuid:9ca8e880-2452-260c-c732-3ed9082b6c87",
          "resource": {
            "resourceType": "DiagnosticReport",
            "id": "9ca8e880-2452-260c-c732-3ed9082b6c87",
            "identifier": [
              {
                "system": "urn:ietf:rfc:3986",
                "value": "urn:uuid:a4307cb2-b3b4-4f42-be03-1d9077376f4a"
              }
            ],
            "status": "final",
            "code": {
              "coding": [
                {
                  "code": "80825-3",
                  "system": "http://loinc.org",
                  "display": "ZIKV E gene NAA+probe Ql (S)"
                }
              ]
            },
            "effectivePeriod": {
              "start": "2025-02-25",
              "end": "2025-02-25"
            },
            "subject": {
              "reference": "Patient/5812ebbf-0c54-644a-3d79-739f956806de"
            },
            "result": [
              {
                "reference": "Observation/f59e77fb-9909-79fb-5996-a1b884f84820"
              }
            ],
            "meta": {
              "source": "ecr"
            }
          }
        },
        {
          "fullUrl": "urn:uuid:f59e77fb-9909-79fb-5996-a1b884f84820",
          "resource": {
            "resourceType": "Observation",
            "id": "f59e77fb-9909-79fb-5996-a1b884f84820",
            "meta": {
              "profile": [
                "http://hl7.org/fhir/us/ecr/StructureDefinition/us-ph-lab-result-observation"
              ],
              "source": "ecr"
            },
            "identifier": [
              {
                "system": "urn:ietf:rfc:3986",
                "value": "urn:uuid:bf9c0a26-4524-4395-b3ce-100450b9c9ad"
              }
            ],
            "category": [
              {
                "coding": [
                  {
                    "system": "http://terminology.hl7.org/CodeSystem/observation-category",
                    "code": "laboratory"
                  }
                ]
              }
            ],
            "status": "final",
            "code": {
              "coding": [
                {
                  "code": "80825-3",
                  "system": "http://loinc.org",
                  "display": "ZIKV E gene NAA+probe Ql (S)"
                }
              ]
            },
            "effectiveDateTime": "2025-02-07",
            "valueCodeableConcept": {
              "coding": [
                {
                  "code": "10828004",
                  "system": "http://snomed.info/sct",
                  "display": "Positive"
                }
              ]
            },
            "interpretation": [
              {
                "coding": [
                  {
                    "code": "A",
                    "system": "http://terminology.hl7.org/CodeSystem/v3-ObservationInterpretation",
                    "display": "Abnormal"
                  }
                ]
              }
            ],
            "subject": {
              "reference": "Patient/5812ebbf-0c54-644a-3d79-739f956806de"
            }
          }
        },
        {
          "fullUrl": "urn:uuid:eea34341-7188-2158-d580-2e835d9a7316",
          "resource": {
            "resourceType": "Observation",
            "id": "eea34341-7188-2158-d580-2e835d9a7316",
            "meta": {
              "profile": [
                "http://hl7.org/fhir/StructureDefinition/Observation"
              ],
              "source": "ecr"
            },
            "identifier": [
              {
                "system": "urn:ietf:rfc:3986",
                "value": "urn:uuid:6049baec-80df-4dea-82b2-345f6546cda3"
              }
            ],
            "category": [
              {
                "coding": [
                  {
                    "system": "http://terminology.hl7.org/CodeSystem/observation-category",
                    "code": "social-history"
                  }
                ]
              }
            ],
            "status": "final",
            "code": {
              "coding": [
                {
                  "code": "364703007",
                  "system": "http://snomed.info/sct",
                  "display": "Employment detail"
                },
                {
                  "code": "11295-3",
                  "system": "http://loinc.org",
                  "display": "Current employment - Reported"
                }
              ]
            },
            "effectivePeriod": {
              "start": "1275-01-01"
            },
            "valueString": "Jedi High Council Member, Jedi Temple, Temple District, Galactic City, Coruscant",
            "subject": {
              "reference": "Patient/5812ebbf-0c54-644a-3d79-739f956806de"
            }
          }
        },
        {
          "fullUrl": "urn:uuid:098e70ab-3f80-2c42-2bae-665b4ebd70a2",
          "resource": {
            "resourceType": "Observation",
            "id": "098e70ab-3f80-2c42-2bae-665b4ebd70a2",
            "meta": {
              "profile": [
                "http://hl7.org/fhir/us/ecr/StructureDefinition/us-ph-travel-history"
              ],
              "source": "ecr"
            },
            "code": {
              "coding": [
                {
                  "system": "http://snomed.info/sct",
                  "code": "420008001",
                  "display": "Travel"
                }
              ],
              "text": "Travel History"
            },
            "status": "final",
            "effectivePeriod": {
              "start": "2025-01-15",
              "end": "2025-02-05"
            },
            "component": [
              {
                "code": {
                  "coding": [
                    {
                      "system": "http://terminology.hl7.org/CodeSystem/v3-ParticipationType",
                      "code": "LOC",
                      "display": "Location"
                    }
                  ]
                },
                "valueCodeableConcept": {
                  "coding": [
                    {
                      "code": "BRA",
                      "system": "urn:oid:1.0.3166.1",
                      "display": "Brazil"
                    }
                  ]
                }
              }
            ],
            "subject": {
              "reference": "Patient/5812ebbf-0c54-644a-3d79-739f956806de"
            }
          }
        },
        {
          "fullUrl": "urn:uuid:40db397d-91fe-7c16-2b20-b9d1b46f6140",
          "resource": {
            "resourceType": "Observation",
            "id": "40db397d-91fe-7c16-2b20-b9d1b46f6140",
            "meta": {
              "profile": [
                "http://hl7.org/fhir/StructureDefinition/Observation"
              ],
              "source": "ecr"
            },
            "identifier": [
              {
                "system": "urn:ietf:rfc:3986",
                "value": "urn:uuid:2721acc5-0d05-4402-9e62-79943ea3901c"
              }
            ],
            "category": [
              {
                "coding": [
                  {
                    "system": "http://terminology.hl7.org/CodeSystem/observation-category",
                    "code": "vital-signs"
                  }
                ]
              }
            ],
            "status": "final",
            "code": {
              "coding": [
                {
                  "code": "8480-6",
                  "system": "http://loinc.org",
                  "display": "Systolic blood pressure"
                }
              ]
            },
            "effectiveDateTime": "2014-05-20T19:36:05-05:00",
            "valueQuantity": {
              "value": 120,
              "unit": "mm[Hg]"
            },
            "subject": {
              "reference": "Patient/5812ebbf-0c54-644a-3d79-739f956806de"
            }
          }
        },
        {
          "fullUrl": "urn:uuid:5bc4d32a-aa57-1d96-5ea6-87d48bcd7516",
          "resource": {
            "resourceType": "Observation",
            "id": "5bc4d32a-aa57-1d96-5ea6-87d48bcd7516",
            "meta": {
              "profile": [
                "http://hl7.org/fhir/StructureDefinition/Observation"
              ],
              "source": "ecr"
            },
            "identifier": [
              {
                "system": "urn:ietf:rfc:3986",
                "value": "urn:uuid:88a01c83-a096-4705-a992-b5f59eca8c8c"
              }
            ],
            "category": [
              {
                "coding": [
                  {
                    "system": "http://terminology.hl7.org/CodeSystem/observation-category",
                    "code": "vital-signs"
                  }
                ]
              }
            ],
            "status": "final",
            "code": {
              "coding": [
                {
                  "code": "8462-4",
                  "system": "http://loinc.org",
                  "display": "Diastolic blood pressure"
                }
              ]
            },
            "effectiveDateTime": "2014-05-20T19:36:05-05:00",
            "valueQuantity": {
              "value": 80,
              "unit": "mm[Hg]"
            },
            "subject": {
              "reference": "Patient/5812ebbf-0c54-644a-3d79-739f956806de"
            }
          }
        },
        {
          "fullUrl": "urn:uuid:ca049d29-37b4-4b96-6940-f506b60966cf",
          "resource": {
            "resourceType": "Observation",
            "id": "ca049d29-37b4-4b96-6940-f506b60966cf",
            "meta": {
              "profile": [
                "http://hl7.org/fhir/StructureDefinition/Observation"
              ],
              "source": "ecr"
            },
            "identifier": [
              {
                "system": "urn:ietf:rfc:3986",
                "value": "urn:uuid:83bbffe1-54e5-4984-a32d-ad8f8d6896d8"
              }
            ],
            "category": [
              {
                "coding": [
                  {
                    "system": "http://terminology.hl7.org/CodeSystem/observation-category",
                    "code": "vital-signs"
                  }
                ]
              }
            ],
            "status": "final",
            "code": {
              "coding": [
                {
                  "code": "8867-4",
                  "system": "http://loinc.org",
                  "display": "Heart rate"
                }
              ]
            },
            "effectiveDateTime": "2014-05-20T19:36:05-05:00",
            "valueQuantity": {
              "value": 80,
              "unit": "/min"
            },
            "subject": {
              "reference": "Patient/5812ebbf-0c54-644a-3d79-739f956806de"
            }
          }
        },
        {
          "fullUrl": "urn:uuid:a0453f8b-628e-e30c-7900-06229f409f77",
          "resource": {
            "resourceType": "Observation",
            "id": "a0453f8b-628e-e30c-7900-06229f409f77",
            "meta": {
              "profile": [
                "http://hl7.org/fhir/StructureDefinition/Observation"
              ],
              "source": "ecr"
            },
            "identifier": [
              {
                "system": "urn:ietf:rfc:3986",
                "value": "urn:uuid:85f5784f-2958-4321-b7b6-3030d1577dc0"
              }
            ],
            "category": [
              {
                "coding": [
                  {
                    "system": "http://terminology.hl7.org/CodeSystem/observation-category",
                    "code": "vital-signs"
                  }
                ]
              }
            ],
            "status": "final",
            "code": {
              "coding": [
                {
                  "code": "8310-5",
                  "system": "http://loinc.org",
                  "display": "Body temperature"
                }
              ]
            },
            "effectiveDateTime": "2014-05-20T19:36:05-05:00",
            "valueQuantity": {
              "value": 99.0,
              "unit": "[degF]"
            },
            "subject": {
              "reference": "Patient/5812ebbf-0c54-644a-3d79-739f956806de"
            }
          }
        },
        {
          "fullUrl": "urn:uuid:bdfc681c-3255-664f-ee64-01672d1785de",
          "resource": {
            "resourceType": "Observation",
            "id": "bdfc681c-3255-664f-ee64-01672d1785de",
            "meta": {
              "profile": [
                "http://hl7.org/fhir/StructureDefinition/Observation"
              ],
              "source": "ecr"
            },
            "identifier": [
              {
                "system": "urn:ietf:rfc:3986",
                "value": "urn:uuid:b618fa98-6596-4e19-a9e7-6bdb48012fc8"
              }
            ],
            "category": [
              {
                "coding": [
                  {
                    "system": "http://terminology.hl7.org/CodeSystem/observation-category",
                    "code": "vital-signs"
                  }
                ]
              }
            ],
            "status": "final",
            "code": {
              "coding": [
                {
                  "code": "9279-1",
                  "system": "http://loinc.org",
                  "display": "Respiratory rate"
                }
              ]
            },
            "effectiveDateTime": "2014-05-20T19:36:05-05:00",
            "valueQuantity": {
              "value": 18,
              "unit": "/min"
            },
            "subject": {
              "reference": "Patient/5812ebbf-0c54-644a-3d79-739f956806de"
            }
          }
        },
        {
          "fullUrl": "urn:uuid:432dd023-5770-8bfc-7161-ebaf36cd2222",
          "resource": {
            "resourceType": "Observation",
            "id": "432dd023-5770-8bfc-7161-ebaf36cd2222",
            "meta": {
              "profile": [
                "http://hl7.org/fhir/StructureDefinition/Observation"
              ],
              "source": "ecr"
            },
            "identifier": [
              {
                "system": "urn:ietf:rfc:3986",
                "value": "urn:uuid:1b1274a9-b45f-449a-8493-08eaeaeba7d6"
              }
            ],
            "category": [
              {
                "coding": [
                  {
                    "system": "http://terminology.hl7.org/CodeSystem/observation-category",
                    "code": "vital-signs"
                  }
                ]
              }
            ],
            "status": "final",
            "code": {
              "coding": [
                {
                  "code": "8302-2",
                  "system": "http://loinc.org",
                  "display": "Body height"
                }
              ]
            },
            "effectiveDateTime": "2014-05-20T19:36:05-05:00",
            "valueQuantity": {
              "value": 43,
              "unit": "[in_us]"
            },
            "subject": {
              "reference": "Patient/5812ebbf-0c54-644a-3d79-739f956806de"
            }
          }
        },
        {
          "fullUrl": "urn:uuid:e54a4d68-5e05-f31c-a376-628a0c24a735",
          "resource": {
            "resourceType": "Observation",
            "id": "e54a4d68-5e05-f31c-a376-628a0c24a735",
            "meta": {
              "profile": [
                "http://hl7.org/fhir/StructureDefinition/Observation"
              ],
              "source": "ecr"
            },
            "identifier": [
              {
                "system": "urn:ietf:rfc:3986",
                "value": "urn:uuid:1c1f89f1-8e93-4a46-b37f-9434f99727b8"
              }
            ],
            "category": [
              {
                "coding": [
                  {
                    "system": "http://terminology.hl7.org/CodeSystem/observation-category",
                    "code": "vital-signs"
                  }
                ]
              }
            ],
            "status": "final",
            "code": {
              "coding": [
                {
                  "code": "3141-9",
                  "system": "http://loinc.org",
                  "display": "Body weight Measured"
                }
              ]
            },
            "effectiveDateTime": "2014-05-20T19:36:05-05:00",
            "valueQuantity": {
              "value": 39.9,
              "unit": "[lb_av]"
            },
            "subject": {
              "reference": "Patient/5812ebbf-0c54-644a-3d79-739f956806de"
            }
          }
        },
        {
          "fullUrl": "urn:uuid:1dbf1070-886e-77a9-5660-01442772c1c8",
          "resource": {
            "resourceType": "Observation",
            "id": "1dbf1070-886e-77a9-5660-01442772c1c8",
            "meta": {
              "profile": [
                "http://hl7.org/fhir/StructureDefinition/Observation"
              ],
              "source": "ecr"
            },
            "identifier": [
              {
                "system": "urn:ietf:rfc:3986",
                "value": "urn:uuid:fd4ccd0b-c045-4587-8976-a17e2e064a1e"
              }
            ],
            "category": [
              {
                "coding": [
                  {
                    "system": "http://terminology.hl7.org/CodeSystem/observation-category",
                    "code": "vital-signs"
                  }
                ]
              }
            ],
            "status": "final",
            "code": {
              "coding": [
                {
                  "code": "39156-5",
                  "system": "http://loinc.org",
                  "display": "Body mass index (BMI) [Ratio]"
                }
              ]
            },
            "effectiveDateTime": "2014-05-20T19:36:05-05:00",
            "valueQuantity": {
              "value": 17.58,
              "unit": "kg/m2"
            },
            "subject": {
              "reference": "Patient/5812ebbf-0c54-644a-3d79-739f956806de"
            }
          }
        },
        {
          "fullUrl": "urn:uuid:9f81a6a6-5e42-8107-7464-31ed8eea4d78",
          "resource": {
            "resourceType": "Observation",
            "id": "9f81a6a6-5e42-8107-7464-31ed8eea4d78",
            "meta": {
              "profile": [
                "http://hl7.org/fhir/StructureDefinition/Observation"
              ],
              "source": "ecr"
            },
            "identifier": [
              {
                "system": "urn:ietf:rfc:3986",
                "value": "urn:uuid:0ef4afda-1638-4ad2-9978-7321bbceb0cb"
              }
            ],
            "category": [
              {
                "coding": [
                  {
                    "system": "http://terminology.hl7.org/CodeSystem/observation-category",
                    "code": "vital-signs"
                  }
                ]
              }
            ],
            "status": "final",
            "code": {
              "coding": [
                {
                  "code": "2710-2",
                  "system": "http://loinc.org",
                  "display": "Deprecated Oxygen saturation in Capillary blood by Oximetry"
                }
              ]
            },
            "effectiveDateTime": "2014-05-20T19:36:05-05:00",
            "valueQuantity": {
              "value": 98,
              "unit": "%"
            },
            "subject": {
              "reference": "Patient/5812ebbf-0c54-644a-3d79-739f956806de"
            }
          }
        },
        {
          "fullUrl": "urn:uuid:169e724e-b91b-7b0a-24fc-be231a11c345",
          "resource": {
            "resourceType": "CarePlan",
            "id": "169e724e-b91b-7b0a-24fc-be231a11c345",
            "status": "unknown",
            "intent": "proposal",
            "subject": {
              "reference": "Patient/5812ebbf-0c54-644a-3d79-739f956806de"
            },
            "activity": [
              {
                "reference": {
                  "reference": "ServiceRequest/af2029b4-a2fc-1531-8857-e8f5fddba862"
                }
              }
            ],
            "meta": {
              "source": "ecr"
            }
          }
        },
        {
          "fullUrl": "urn:uuid:af2029b4-a2fc-1531-8857-e8f5fddba862",
          "resource": {
            "resourceType": "ServiceRequest",
            "id": "af2029b4-a2fc-1531-8857-e8f5fddba862",
            "identifier": [
              {
                "system": "urn:ietf:rfc:3986",
                "value": "urn:uuid:b52bee94-c34b-4e2c-8c15-5ad9d6def205"
              }
            ],
            "status": "active",
            "intent": "plan",
            "code": {
              "coding": [
                {
                  "code": "80825-3",
                  "system": "http://loinc.org",
                  "display": "ZIKV E gene NAA+probe Ql (S)"
                },
                {
                  "code": "80825-3",
                  "system": "http://loinc.org",
                  "display": "ZIKV E gene NAA+probe Ql (S)"
                }
              ]
            },
            "occurrenceDateTime": "2025-02-07",
            "subject": {
              "reference": "Patient/5812ebbf-0c54-644a-3d79-739f956806de"
            },
            "meta": {
              "source": "ecr"
            }
          }
        }
      ]
    }
  }
}
